==================================================================
  TrustOS Automated Test Report (QEMU)
  Generated: 2026-02-16 11:23:57
  Boot time: 12.8s  |  Test duration: 150.9s
  QEMU: q35, 256M RAM, 2 CPUs, virtio-net, serial TCP
==================================================================

SUMMARY
  Total:   96
  Passed:  96
  Failed:  0
  Rate:    100%

==================================================================
DETAILED RESULTS
==================================================================

-- SHELL --
  [OK]   echo simple text
  [OK]   echo with spaces
  [OK]   pwd default root
  [OK]   whoami
  [OK]   hostname
  [OK]   version
  [OK]   uname -a
  [OK]   clear no crash
  [OK]   history
  [OK]   help
  [OK]   cowsay

-- SYSINFO --
  [OK]   date
  [OK]   uptime
  [OK]   info
  [OK]   free heap
  [OK]   df disk usage
  [OK]   ps processes
  [OK]   env variables
  [OK]   lscpu
  [OK]   lsmem
  [OK]   lspci
  [OK]   lsblk
  [OK]   vmstat
  [OK]   iostat
  [OK]   neofetch
  [OK]   dmesg

-- FS --
  [OK]   mkdir test_dir
  [OK]   ls sees new dir
  [OK]   touch file
  [OK]   echo to file
  [OK]   cat file
  [OK]   ls dir content
  [OK]   stat file
  [OK]   wc file
  [OK]   cp file
  [OK]   cat copied file
  [OK]   mv file
  [OK]   cat renamed file
  [OK]   grep in file
  [OK]   find file
  [OK]   tree
  [OK]   head file
  [OK]   tail file
  [OK]   diff two files
  [OK]   hexdump file
  [OK]   rm file
  [OK]   rm verify gone
  [OK]   cd directory
  [OK]   pwd after cd
  [OK]   cd back to root

-- TEXT --
  [OK]   seq 5
  [OK]   seq 3 7
  [OK]   factor 12
  [OK]   factor 97 prime
  [OK]   factor invalid
  [OK]   expr 2 + 3
  [OK]   cal

-- SELFTEST --
  [OK]   builtin self-test

-- INTTEST --
  [OK]   integration test suite

-- TRUSTLANG --
  [OK]   eval println
  [OK]   eval 2+3
  [OK]   eval 6*7
  [OK]   eval string
  [OK]   eval 100/4
  [OK]   eval 17 mod 5
  [OK]   eval bool
  [OK]   eval let var
  [OK]   eval if-else
  [OK]   eval loop

-- USERS --
  [OK]   id
  [OK]   users

-- STUBS --
  [OK]   bc stub
  [OK]   base64 stub
  [OK]   md5sum stub
  [OK]   sha256sum stub

-- PROC --
  [OK]   sleep 0
  [OK]   tty

-- DISK --
  [OK]   disk info
  [OK]   fdisk
  [OK]   blkid

-- AUDIO --
  [OK]   beep
  [OK]   audio status

-- NET --
  [OK]   ifconfig
  [OK]   arp
  [OK]   route
  [OK]   netstat
  [OK]   ping gateway
  [OK]   nslookup

-- DEBUG --
  [OK]   irqstat
  [OK]   smpstatus
  [OK]   perf
  [OK]   memdbg
  [OK]   regs

-- SECURITY --
  [OK]   create sig file
  [OK]   sig sign
  [OK]   sig verify

==================================================================
FAILURES REQUIRING ACTION
==================================================================
==================================================================
KNOWN BUGS (manual observation)
==================================================================
  CHESS-3D: White pieces don't move first -- black starts instead
  CHESS-3D: Pawn promotion is not implemented
  CHESS-2D: Pawn promotion is not implemented

==================================================================
STUBS (declared but not yet implemented)
==================================================================
  bc        -- calculator stub
  base64    -- encoding stub
  md5sum    -- hash stub
  sha256sum -- hash stub

==================================================================
CATEGORY BREAKDOWN
==================================================================
                96 / 96

==================================================================
  End of report
